../Core/Src/main.c:41:6:relu	24	static
../Core/Src/main.c:55:6:conv2d	64	static
../Core/Src/main.c:81:6:maxpool2d	72	static
../Core/Src/main.c:108:6:linear	40	static
../Core/Src/main.c:125:5:inference	100472	static
../Core/Src/main.c:249:5:main	80	static
../Core/Src/main.c:310:6:SystemClock_Config	120	static
../Core/Src/main.c:369:6:PeriphCommonClock_Config	192	static
../Core/Src/main.c:397:13:MX_TIM1_Init	104	static
../Core/Src/main.c:468:13:MX_USART1_UART_Init	8	static
../Core/Src/main.c:517:13:MX_GPIO_Init	64	static
../Core/Src/main.c:676:6:Error_Handler	4	static,ignoring_inline_asm
